// Jest Snapshot v1, https://goo.gl/fbAQLP

exports[`Testing in the <NoteScreen /> should show correctly 1`] = `
<div
  className="notes__main-content"
>
  <div
    className="notes__appbar"
  >
    <span>
      Note made on 
      December 31st 1969
       at
       
      07:00:00pm
    </span>
    <input
      id="fileSelector"
      name="file"
      onChange={[Function]}
      style={
        Object {
          "display": "none",
        }
      }
      type="file"
    />
    <div>
      <button
        className="btn"
        onClick={[Function]}
      >
        Picture
      </button>
      <button
        className="btn"
        onClick={[Function]}
      >
        Save
      </button>
    </div>
  </div>
  <div
    className="notes__content"
  >
    <input
      autoComplete="off"
      className="notes__title-input"
      name="title"
      onChange={[Function]}
      placeholder="Some awesome title"
      type="text"
      value="Hello"
    />
    <textarea
      className="notes__textarea"
      cols="12"
      name="body"
      onChange={[Function]}
      placeholder="What happened today"
      rows="10"
      value="word"
    />
  </div>
  <button
    className="btn btn-danger"
    onClick={[Function]}
  >
    Delete
  </button>
</div>
`;
